// Jest Snapshot v1, https://goo.gl/fbAQLP

exports[`logs custom component events 1`] = `[]`;
